// Jest Snapshot v1, https://goo.gl/fbAQLP

exports[`Home hero section display the home hero section 1`] = `
<div>
  <section
    class="bg-hero-pattern bg-no-repeat bg-center xl:bg-left mt-5 xl:mt-20"
  >
    <div
      class="container flex flex-col-reverse xl:flex-row"
    >
      <div
        class="flex flex-col gap-y-8 text-center xl:text-right mt-12 pb-10"
      >
        <h3
          class="dark:text-info text-xl xl:text-2xl"
        >
          خوش اومدی به ...
        </h3>
        <h1
          class="text-xl xl:text-5xl font-black gradient"
        >
          مسیر صعود به قله های برنامه نویسی
        </h1>
        <p
          class="text-lg font-bold leading-8"
        >
          هر جای مسیر برنامه‌نویسی که باشی، با همراهی استادهای با تجربه کلاسبن می‌تونی بدون محدودیت به قله‌های بالاتر صعود کنی. ما همیشه هواتو داریم.
        </p>
        <div
          class="flex gap-x-4"
        >
          <button
            class="btn btn-primary"
            type="button"
          >
            دوره‌های ری‌اکت و نکست
          </button>
          <button
            class="btn btn-neutral"
            type="button"
          >
            مشاوره برنامه‌نویسی
          </button>
        </div>
        <img
          alt=""
          class="grayscale opacity-70 m-auto xl:m-0 mt-8 xl:mt-5"
          data-nimg="1"
          decoding="async"
          height="39"
          loading="lazy"
          src="/_next/image?url=%2Fimages%2Fframeworks.png&w=828&q=75"
          srcset="/_next/image?url=%2Fimages%2Fframeworks.png&w=640&q=75 1x, /_next/image?url=%2Fimages%2Fframeworks.png&w=828&q=75 2x"
          style="color: transparent;"
          width="412"
        />
      </div>
      <img
        alt="کلاسبن"
        data-nimg="1"
        decoding="async"
        height="521"
        loading="lazy"
        src="/images/programmer-landing.svg"
        style="color: transparent;"
        width="702"
      />
    </div>
  </section>
</div>
`;

exports[`Home hero section display the home hero section: <section className="bg-hero-pattern bg-no-repeat bg-center xl:bg-left mt-5 xl:mt-20">
      <div className="container flex flex-col-reverse xl:flex-row">
        <div className="flex flex-col gap-y-8 text-center xl:text-right mt-12 pb-10">
          <h3 className="dark:text-info text-xl xl:text-2xl">
            خوش اومدی به ...
          </h3>
          <h1 className="text-xl xl:text-5xl font-black gradient">
            مسیر صعود به قله های برنامه نویسی
          </h1>
          <p className="text-lg font-bold leading-8">
            هر جای مسیر برنامه‌نویسی که باشی، با همراهی استادهای با تجربه کلاسبن
            می‌تونی بدون محدودیت به قله‌های بالاتر صعود کنی. ما همیشه هواتو
            داریم.
          </p>
          <div className="flex gap-x-4">
            <Button variant="primary">دوره‌های ری‌اکت و نکست</Button>
            <Button variant="neutral">مشاوره برنامه‌نویسی</Button>
          </div>

          <Image
            src="/images/frameworks.png"
            width={412}
            height={39}
            alt=""
            className="grayscale opacity-70 m-auto xl:m-0 mt-8 xl:mt-5"
          />
        </div>
        <Image
          src="/images/programmer-landing.svg"
          width={702}
          height={521}
          alt="کلاسبن"
        />
      </div>
    </section> 1`] = `
<div>
  <section
    class="bg-hero-pattern bg-no-repeat bg-center xl:bg-left mt-5 xl:mt-20"
  >
    <div
      class="container flex flex-col-reverse xl:flex-row"
    >
      <div
        class="flex flex-col gap-y-8 text-center xl:text-right mt-12 pb-10"
      >
        <h3
          class="dark:text-info text-xl xl:text-2xl"
        >
          خوش اومدی به ...
        </h3>
        <h1
          class="text-xl xl:text-5xl font-black gradient"
        >
          مسیر صعود به قله های برنامه نویسی
        </h1>
        <p
          class="text-lg font-bold leading-8"
        >
          هر جای مسیر برنامه‌نویسی که باشی، با همراهی استادهای با تجربه کلاسبن می‌تونی بدون محدودیت به قله‌های بالاتر صعود کنی. ما همیشه هواتو داریم.
        </p>
        <div
          class="flex gap-x-4"
        >
          <button
            class="btn btn-primary"
            type="button"
          >
            دوره‌های ری‌اکت و نکست
          </button>
          <button
            class="btn btn-neutral"
            type="button"
          >
            مشاوره برنامه‌نویسی
          </button>
        </div>
        <img
          alt=""
          class="grayscale opacity-70 m-auto xl:m-0 mt-8 xl:mt-5"
          data-nimg="1"
          decoding="async"
          height="39"
          loading="lazy"
          src="/_next/image?url=%2Fimages%2Fframeworks.png&w=828&q=75"
          srcset="/_next/image?url=%2Fimages%2Fframeworks.png&w=640&q=75 1x, /_next/image?url=%2Fimages%2Fframeworks.png&w=828&q=75 2x"
          style="color: transparent;"
          width="412"
        />
      </div>
      <img
        alt="کلاسبن"
        data-nimg="1"
        decoding="async"
        height="521"
        loading="lazy"
        src="/images/programmer-landing.svg"
        style="color: transparent;"
        width="702"
      />
    </div>
  </section>
</div>
`;
